<?xml version="1.0"?>
<link_info>
   <banner>MSP430 Linker PC v4.4.7</banner>
   <copyright>Copyright (c) 2003-2015 Texas Instruments Incorporated</copyright>
   <link_time>0x5881722f</link_time>
   <link_errors>0x0</link_errors>
   <output_file>Tarot 680 LG 2.out</output_file>
   <entry_point>
      <name>_c_int00_noargs_noexit</name>
      <address>0x49c0</address>
   </entry_point>
   <input_file_list>
      <input_file id="fl-2">
         <path>.\</path>
         <kind>object</kind>
         <file>StopWatchMode.obj</file>
         <name>StopWatchMode.obj</name>
      </input_file>
      <input_file id="fl-3">
         <path>.\</path>
         <kind>object</kind>
         <file>Tarot_main.obj</file>
         <name>Tarot_main.obj</name>
      </input_file>
      <input_file id="fl-4">
         <path>.\</path>
         <kind>object</kind>
         <file>TempSensorMode.obj</file>
         <name>TempSensorMode.obj</name>
      </input_file>
      <input_file id="fl-5">
         <path>.\</path>
         <kind>object</kind>
         <file>hal_LCD.obj</file>
         <name>hal_LCD.obj</name>
      </input_file>
      <input_file id="fl-6">
         <path>.\driverlib\MSP430FR5xx_6xx\</path>
         <kind>object</kind>
         <file>adc12_b.obj</file>
         <name>adc12_b.obj</name>
      </input_file>
      <input_file id="fl-7">
         <path>.\driverlib\MSP430FR5xx_6xx\</path>
         <kind>object</kind>
         <file>aes256.obj</file>
         <name>aes256.obj</name>
      </input_file>
      <input_file id="fl-8">
         <path>.\driverlib\MSP430FR5xx_6xx\</path>
         <kind>object</kind>
         <file>comp_e.obj</file>
         <name>comp_e.obj</name>
      </input_file>
      <input_file id="fl-9">
         <path>.\driverlib\MSP430FR5xx_6xx\</path>
         <kind>object</kind>
         <file>crc.obj</file>
         <name>crc.obj</name>
      </input_file>
      <input_file id="fl-a">
         <path>.\driverlib\MSP430FR5xx_6xx\</path>
         <kind>object</kind>
         <file>crc32.obj</file>
         <name>crc32.obj</name>
      </input_file>
      <input_file id="fl-b">
         <path>.\driverlib\MSP430FR5xx_6xx\</path>
         <kind>object</kind>
         <file>cs.obj</file>
         <name>cs.obj</name>
      </input_file>
      <input_file id="fl-c">
         <path>.\driverlib\MSP430FR5xx_6xx\</path>
         <kind>object</kind>
         <file>dma.obj</file>
         <name>dma.obj</name>
      </input_file>
      <input_file id="fl-d">
         <path>.\driverlib\MSP430FR5xx_6xx\</path>
         <kind>object</kind>
         <file>esi.obj</file>
         <name>esi.obj</name>
      </input_file>
      <input_file id="fl-e">
         <path>.\driverlib\MSP430FR5xx_6xx\</path>
         <kind>object</kind>
         <file>eusci_a_spi.obj</file>
         <name>eusci_a_spi.obj</name>
      </input_file>
      <input_file id="fl-f">
         <path>.\driverlib\MSP430FR5xx_6xx\</path>
         <kind>object</kind>
         <file>eusci_a_uart.obj</file>
         <name>eusci_a_uart.obj</name>
      </input_file>
      <input_file id="fl-10">
         <path>.\driverlib\MSP430FR5xx_6xx\</path>
         <kind>object</kind>
         <file>eusci_b_i2c.obj</file>
         <name>eusci_b_i2c.obj</name>
      </input_file>
      <input_file id="fl-11">
         <path>.\driverlib\MSP430FR5xx_6xx\</path>
         <kind>object</kind>
         <file>eusci_b_spi.obj</file>
         <name>eusci_b_spi.obj</name>
      </input_file>
      <input_file id="fl-12">
         <path>.\driverlib\MSP430FR5xx_6xx\</path>
         <kind>object</kind>
         <file>framctl.obj</file>
         <name>framctl.obj</name>
      </input_file>
      <input_file id="fl-13">
         <path>.\driverlib\MSP430FR5xx_6xx\</path>
         <kind>object</kind>
         <file>gpio.obj</file>
         <name>gpio.obj</name>
      </input_file>
      <input_file id="fl-14">
         <path>.\driverlib\MSP430FR5xx_6xx\</path>
         <kind>object</kind>
         <file>lcd_c.obj</file>
         <name>lcd_c.obj</name>
      </input_file>
      <input_file id="fl-15">
         <path>.\driverlib\MSP430FR5xx_6xx\</path>
         <kind>object</kind>
         <file>mpu.obj</file>
         <name>mpu.obj</name>
      </input_file>
      <input_file id="fl-16">
         <path>.\driverlib\MSP430FR5xx_6xx\</path>
         <kind>object</kind>
         <file>mpy32.obj</file>
         <name>mpy32.obj</name>
      </input_file>
      <input_file id="fl-17">
         <path>.\driverlib\MSP430FR5xx_6xx\</path>
         <kind>object</kind>
         <file>pmm.obj</file>
         <name>pmm.obj</name>
      </input_file>
      <input_file id="fl-18">
         <path>.\driverlib\MSP430FR5xx_6xx\</path>
         <kind>object</kind>
         <file>ram.obj</file>
         <name>ram.obj</name>
      </input_file>
      <input_file id="fl-19">
         <path>.\driverlib\MSP430FR5xx_6xx\</path>
         <kind>object</kind>
         <file>ref_a.obj</file>
         <name>ref_a.obj</name>
      </input_file>
      <input_file id="fl-1a">
         <path>.\driverlib\MSP430FR5xx_6xx\</path>
         <kind>object</kind>
         <file>rtc_b.obj</file>
         <name>rtc_b.obj</name>
      </input_file>
      <input_file id="fl-1b">
         <path>.\driverlib\MSP430FR5xx_6xx\</path>
         <kind>object</kind>
         <file>rtc_c.obj</file>
         <name>rtc_c.obj</name>
      </input_file>
      <input_file id="fl-1c">
         <path>.\driverlib\MSP430FR5xx_6xx\</path>
         <kind>object</kind>
         <file>sfr.obj</file>
         <name>sfr.obj</name>
      </input_file>
      <input_file id="fl-1d">
         <path>.\driverlib\MSP430FR5xx_6xx\</path>
         <kind>object</kind>
         <file>sysctl.obj</file>
         <name>sysctl.obj</name>
      </input_file>
      <input_file id="fl-1e">
         <path>.\driverlib\MSP430FR5xx_6xx\</path>
         <kind>object</kind>
         <file>timer_a.obj</file>
         <name>timer_a.obj</name>
      </input_file>
      <input_file id="fl-1f">
         <path>.\driverlib\MSP430FR5xx_6xx\</path>
         <kind>object</kind>
         <file>timer_b.obj</file>
         <name>timer_b.obj</name>
      </input_file>
      <input_file id="fl-20">
         <path>.\driverlib\MSP430FR5xx_6xx\</path>
         <kind>object</kind>
         <file>tlv.obj</file>
         <name>tlv.obj</name>
      </input_file>
      <input_file id="fl-21">
         <path>.\driverlib\MSP430FR5xx_6xx\</path>
         <kind>object</kind>
         <file>wdt_a.obj</file>
         <name>wdt_a.obj</name>
      </input_file>
      <input_file id="fl-56">
         <path>C:\ti\ccsv6\tools\compiler\ti-cgt-msp430_4.4.7\lib\</path>
         <kind>archive</kind>
         <file>rts430x_lc_rd_eabi.lib</file>
         <name>copy_decompress_none.obj</name>
      </input_file>
      <input_file id="fl-57">
         <path>C:\ti\ccsv6\tools\compiler\ti-cgt-msp430_4.4.7\lib\</path>
         <kind>archive</kind>
         <file>rts430x_lc_rd_eabi.lib</file>
         <name>copy_decompress_rle.obj</name>
      </input_file>
      <input_file id="fl-58">
         <path>C:\ti\ccsv6\tools\compiler\ti-cgt-msp430_4.4.7\lib\</path>
         <kind>archive</kind>
         <file>rts430x_lc_rd_eabi.lib</file>
         <name>int27.obj</name>
      </input_file>
      <input_file id="fl-59">
         <path>C:\ti\ccsv6\tools\compiler\ti-cgt-msp430_4.4.7\lib\</path>
         <kind>archive</kind>
         <file>rts430x_lc_rd_eabi.lib</file>
         <name>isr_trap.obj</name>
      </input_file>
      <input_file id="fl-5a">
         <path>C:\ti\ccsv6\tools\compiler\ti-cgt-msp430_4.4.7\lib\</path>
         <kind>archive</kind>
         <file>rts430x_lc_rd_eabi.lib</file>
         <name>int29.obj</name>
      </input_file>
      <input_file id="fl-5b">
         <path>C:\ti\ccsv6\tools\compiler\ti-cgt-msp430_4.4.7\lib\</path>
         <kind>archive</kind>
         <file>rts430x_lc_rd_eabi.lib</file>
         <name>int30.obj</name>
      </input_file>
      <input_file id="fl-5c">
         <path>C:\ti\ccsv6\tools\compiler\ti-cgt-msp430_4.4.7\lib\</path>
         <kind>archive</kind>
         <file>rts430x_lc_rd_eabi.lib</file>
         <name>int31.obj</name>
      </input_file>
      <input_file id="fl-5d">
         <path>C:\ti\ccsv6\tools\compiler\ti-cgt-msp430_4.4.7\lib\</path>
         <kind>archive</kind>
         <file>rts430x_lc_rd_eabi.lib</file>
         <name>int32.obj</name>
      </input_file>
      <input_file id="fl-5e">
         <path>C:\ti\ccsv6\tools\compiler\ti-cgt-msp430_4.4.7\lib\</path>
         <kind>archive</kind>
         <file>rts430x_lc_rd_eabi.lib</file>
         <name>int33.obj</name>
      </input_file>
      <input_file id="fl-5f">
         <path>C:\ti\ccsv6\tools\compiler\ti-cgt-msp430_4.4.7\lib\</path>
         <kind>archive</kind>
         <file>rts430x_lc_rd_eabi.lib</file>
         <name>int34.obj</name>
      </input_file>
      <input_file id="fl-60">
         <path>C:\ti\ccsv6\tools\compiler\ti-cgt-msp430_4.4.7\lib\</path>
         <kind>archive</kind>
         <file>rts430x_lc_rd_eabi.lib</file>
         <name>int35.obj</name>
      </input_file>
      <input_file id="fl-61">
         <path>C:\ti\ccsv6\tools\compiler\ti-cgt-msp430_4.4.7\lib\</path>
         <kind>archive</kind>
         <file>rts430x_lc_rd_eabi.lib</file>
         <name>int36.obj</name>
      </input_file>
      <input_file id="fl-62">
         <path>C:\ti\ccsv6\tools\compiler\ti-cgt-msp430_4.4.7\lib\</path>
         <kind>archive</kind>
         <file>rts430x_lc_rd_eabi.lib</file>
         <name>int38.obj</name>
      </input_file>
      <input_file id="fl-63">
         <path>C:\ti\ccsv6\tools\compiler\ti-cgt-msp430_4.4.7\lib\</path>
         <kind>archive</kind>
         <file>rts430x_lc_rd_eabi.lib</file>
         <name>int39.obj</name>
      </input_file>
      <input_file id="fl-64">
         <path>C:\ti\ccsv6\tools\compiler\ti-cgt-msp430_4.4.7\lib\</path>
         <kind>archive</kind>
         <file>rts430x_lc_rd_eabi.lib</file>
         <name>int40.obj</name>
      </input_file>
      <input_file id="fl-65">
         <path>C:\ti\ccsv6\tools\compiler\ti-cgt-msp430_4.4.7\lib\</path>
         <kind>archive</kind>
         <file>rts430x_lc_rd_eabi.lib</file>
         <name>int41.obj</name>
      </input_file>
      <input_file id="fl-66">
         <path>C:\ti\ccsv6\tools\compiler\ti-cgt-msp430_4.4.7\lib\</path>
         <kind>archive</kind>
         <file>rts430x_lc_rd_eabi.lib</file>
         <name>int42.obj</name>
      </input_file>
      <input_file id="fl-67">
         <path>C:\ti\ccsv6\tools\compiler\ti-cgt-msp430_4.4.7\lib\</path>
         <kind>archive</kind>
         <file>rts430x_lc_rd_eabi.lib</file>
         <name>int43.obj</name>
      </input_file>
      <input_file id="fl-68">
         <path>C:\ti\ccsv6\tools\compiler\ti-cgt-msp430_4.4.7\lib\</path>
         <kind>archive</kind>
         <file>rts430x_lc_rd_eabi.lib</file>
         <name>int46.obj</name>
      </input_file>
      <input_file id="fl-69">
         <path>C:\ti\ccsv6\tools\compiler\ti-cgt-msp430_4.4.7\lib\</path>
         <kind>archive</kind>
         <file>rts430x_lc_rd_eabi.lib</file>
         <name>int47.obj</name>
      </input_file>
      <input_file id="fl-6a">
         <path>C:\ti\ccsv6\tools\compiler\ti-cgt-msp430_4.4.7\lib\</path>
         <kind>archive</kind>
         <file>rts430x_lc_rd_eabi.lib</file>
         <name>int48.obj</name>
      </input_file>
      <input_file id="fl-6b">
         <path>C:\ti\ccsv6\tools\compiler\ti-cgt-msp430_4.4.7\lib\</path>
         <kind>archive</kind>
         <file>rts430x_lc_rd_eabi.lib</file>
         <name>int49.obj</name>
      </input_file>
      <input_file id="fl-6c">
         <path>C:\ti\ccsv6\tools\compiler\ti-cgt-msp430_4.4.7\lib\</path>
         <kind>archive</kind>
         <file>rts430x_lc_rd_eabi.lib</file>
         <name>int50.obj</name>
      </input_file>
      <input_file id="fl-6d">
         <path>C:\ti\ccsv6\tools\compiler\ti-cgt-msp430_4.4.7\lib\</path>
         <kind>archive</kind>
         <file>rts430x_lc_rd_eabi.lib</file>
         <name>int51.obj</name>
      </input_file>
      <input_file id="fl-6e">
         <path>C:\ti\ccsv6\tools\compiler\ti-cgt-msp430_4.4.7\lib\</path>
         <kind>archive</kind>
         <file>rts430x_lc_rd_eabi.lib</file>
         <name>int52.obj</name>
      </input_file>
      <input_file id="fl-6f">
         <path>C:\ti\ccsv6\tools\compiler\ti-cgt-msp430_4.4.7\lib\</path>
         <kind>archive</kind>
         <file>rts430x_lc_rd_eabi.lib</file>
         <name>int53.obj</name>
      </input_file>
      <input_file id="fl-70">
         <path>C:\ti\ccsv6\tools\compiler\ti-cgt-msp430_4.4.7\lib\</path>
         <kind>archive</kind>
         <file>rts430x_lc_rd_eabi.lib</file>
         <name>int54.obj</name>
      </input_file>
      <input_file id="fl-71">
         <path>C:\ti\ccsv6\tools\compiler\ti-cgt-msp430_4.4.7\lib\</path>
         <kind>archive</kind>
         <file>rts430x_lc_rd_eabi.lib</file>
         <name>copy_zero_init.obj</name>
      </input_file>
      <input_file id="fl-72">
         <path>C:\ti\ccsv6\tools\compiler\ti-cgt-msp430_4.4.7\lib\</path>
         <kind>archive</kind>
         <file>rts430x_lc_rd_eabi.lib</file>
         <name>div16s.obj</name>
      </input_file>
      <input_file id="fl-73">
         <path>C:\ti\ccsv6\tools\compiler\ti-cgt-msp430_4.4.7\lib\</path>
         <kind>archive</kind>
         <file>rts430x_lc_rd_eabi.lib</file>
         <name>div32s.obj</name>
      </input_file>
      <input_file id="fl-74">
         <path>C:\ti\ccsv6\tools\compiler\ti-cgt-msp430_4.4.7\lib\</path>
         <kind>archive</kind>
         <file>rts430x_lc_rd_eabi.lib</file>
         <name>div16u.obj</name>
      </input_file>
      <input_file id="fl-75">
         <path>C:\ti\ccsv6\tools\compiler\ti-cgt-msp430_4.4.7\lib\</path>
         <kind>archive</kind>
         <file>rts430x_lc_rd_eabi.lib</file>
         <name>div32u.obj</name>
      </input_file>
      <input_file id="fl-76">
         <path>C:\ti\ccsv6\tools\compiler\ti-cgt-msp430_4.4.7\lib\</path>
         <kind>archive</kind>
         <file>rts430x_lc_rd_eabi.lib</file>
         <name>fixdul.obj</name>
      </input_file>
      <input_file id="fl-77">
         <path>C:\ti\ccsv6\tools\compiler\ti-cgt-msp430_4.4.7\lib\</path>
         <kind>archive</kind>
         <file>rts430x_lc_rd_eabi.lib</file>
         <name>fltuld.obj</name>
      </input_file>
      <input_file id="fl-78">
         <path>C:\ti\ccsv6\tools\compiler\ti-cgt-msp430_4.4.7\lib\</path>
         <kind>archive</kind>
         <file>rts430x_lc_rd_eabi.lib</file>
         <name>mpyd.obj</name>
      </input_file>
      <input_file id="fl-79">
         <path>C:\ti\ccsv6\tools\compiler\ti-cgt-msp430_4.4.7\lib\</path>
         <kind>archive</kind>
         <file>rts430x_lc_rd_eabi.lib</file>
         <name>frcmpyd.obj</name>
      </input_file>
      <input_file id="fl-7a">
         <path>C:\ti\ccsv6\tools\compiler\ti-cgt-msp430_4.4.7\lib\</path>
         <kind>archive</kind>
         <file>rts430x_lc_rd_eabi.lib</file>
         <name>mult16.obj</name>
      </input_file>
      <input_file id="fl-7b">
         <path>C:\ti\ccsv6\tools\compiler\ti-cgt-msp430_4.4.7\lib\</path>
         <kind>archive</kind>
         <file>rts430x_lc_rd_eabi.lib</file>
         <name>mult16_f5hw.obj</name>
      </input_file>
      <input_file id="fl-7c">
         <path>C:\ti\ccsv6\tools\compiler\ti-cgt-msp430_4.4.7\lib\</path>
         <kind>archive</kind>
         <file>rts430x_lc_rd_eabi.lib</file>
         <name>mult32.obj</name>
      </input_file>
      <input_file id="fl-7d">
         <path>C:\ti\ccsv6\tools\compiler\ti-cgt-msp430_4.4.7\lib\</path>
         <kind>archive</kind>
         <file>rts430x_lc_rd_eabi.lib</file>
         <name>mult32_f5hw.obj</name>
      </input_file>
      <input_file id="fl-7e">
         <path>C:\ti\ccsv6\tools\compiler\ti-cgt-msp430_4.4.7\lib\</path>
         <kind>archive</kind>
         <file>rts430x_lc_rd_eabi.lib</file>
         <name>mult64_f5hw.obj</name>
      </input_file>
      <input_file id="fl-7f">
         <path>C:\ti\ccsv6\tools\compiler\ti-cgt-msp430_4.4.7\lib\</path>
         <kind>archive</kind>
         <file>rts430x_lc_rd_eabi.lib</file>
         <name>mult1632_f5hw.obj</name>
      </input_file>
      <input_file id="fl-80">
         <path>C:\ti\ccsv6\tools\compiler\ti-cgt-msp430_4.4.7\lib\</path>
         <kind>archive</kind>
         <file>rts430x_lc_rd_eabi.lib</file>
         <name>mult3264_f5hw.obj</name>
      </input_file>
      <input_file id="fl-81">
         <path>C:\ti\ccsv6\tools\compiler\ti-cgt-msp430_4.4.7\lib\</path>
         <kind>archive</kind>
         <file>rts430x_lc_rd_eabi.lib</file>
         <name>lsl16.obj</name>
      </input_file>
      <input_file id="fl-82">
         <path>C:\ti\ccsv6\tools\compiler\ti-cgt-msp430_4.4.7\lib\</path>
         <kind>archive</kind>
         <file>rts430x_lc_rd_eabi.lib</file>
         <name>lsl32.obj</name>
      </input_file>
      <input_file id="fl-83">
         <path>C:\ti\ccsv6\tools\compiler\ti-cgt-msp430_4.4.7\lib\</path>
         <kind>archive</kind>
         <file>rts430x_lc_rd_eabi.lib</file>
         <name>asr16.obj</name>
      </input_file>
      <input_file id="fl-84">
         <path>C:\ti\ccsv6\tools\compiler\ti-cgt-msp430_4.4.7\lib\</path>
         <kind>archive</kind>
         <file>rts430x_lc_rd_eabi.lib</file>
         <name>asr32.obj</name>
      </input_file>
      <input_file id="fl-85">
         <path>C:\ti\ccsv6\tools\compiler\ti-cgt-msp430_4.4.7\lib\</path>
         <kind>archive</kind>
         <file>rts430x_lc_rd_eabi.lib</file>
         <name>lsr16.obj</name>
      </input_file>
      <input_file id="fl-86">
         <path>C:\ti\ccsv6\tools\compiler\ti-cgt-msp430_4.4.7\lib\</path>
         <kind>archive</kind>
         <file>rts430x_lc_rd_eabi.lib</file>
         <name>lsr32.obj</name>
      </input_file>
      <input_file id="fl-87">
         <path>C:\ti\ccsv6\tools\compiler\ti-cgt-msp430_4.4.7\lib\</path>
         <kind>archive</kind>
         <file>rts430x_lc_rd_eabi.lib</file>
         <name>boot.obj</name>
      </input_file>
      <input_file id="fl-88">
         <path>C:\ti\ccsv6\tools\compiler\ti-cgt-msp430_4.4.7\lib\</path>
         <kind>archive</kind>
         <file>rts430x_lc_rd_eabi.lib</file>
         <name>args_main.obj</name>
      </input_file>
      <input_file id="fl-89">
         <path>C:\ti\ccsv6\tools\compiler\ti-cgt-msp430_4.4.7\lib\</path>
         <kind>archive</kind>
         <file>rts430x_lc_rd_eabi.lib</file>
         <name>autoinit_wdt.obj</name>
      </input_file>
      <input_file id="fl-8a">
         <path>C:\ti\ccsv6\tools\compiler\ti-cgt-msp430_4.4.7\lib\</path>
         <kind>archive</kind>
         <file>rts430x_lc_rd_eabi.lib</file>
         <name>boot_special.obj</name>
      </input_file>
      <input_file id="fl-8b">
         <path>C:\ti\ccsv6\tools\compiler\ti-cgt-msp430_4.4.7\lib\</path>
         <kind>archive</kind>
         <file>rts430x_lc_rd_eabi.lib</file>
         <name>mpu_init.obj</name>
      </input_file>
      <input_file id="fl-8c">
         <path>C:\ti\ccsv6\tools\compiler\ti-cgt-msp430_4.4.7\lib\</path>
         <kind>archive</kind>
         <file>rts430x_lc_rd_eabi.lib</file>
         <name>pre_init.obj</name>
      </input_file>
      <input_file id="fl-8d">
         <path>C:\ti\ccsv6\tools\compiler\ti-cgt-msp430_4.4.7\lib\</path>
         <kind>archive</kind>
         <file>rts430x_lc_rd_eabi.lib</file>
         <name>exit.obj</name>
      </input_file>
      <input_file id="fl-8e">
         <path>C:\ti\ccsv6\tools\compiler\ti-cgt-msp430_4.4.7\lib\</path>
         <kind>archive</kind>
         <file>rts430x_lc_rd_eabi.lib</file>
         <name>exit_gvars.obj</name>
      </input_file>
      <input_file id="fl-8f">
         <path>C:\ti\ccsv6\tools\compiler\ti-cgt-msp430_4.4.7\lib\</path>
         <kind>archive</kind>
         <file>rts430x_lc_rd_eabi.lib</file>
         <name>_lock.obj</name>
      </input_file>
      <input_file id="fl-90">
         <path>C:\ti\ccsv6\tools\compiler\ti-cgt-msp430_4.4.7\lib\</path>
         <kind>archive</kind>
         <file>rts430x_lc_rd_eabi.lib</file>
         <name>memcpy.obj</name>
      </input_file>
      <input_file id="fl-91">
         <path>C:\ti\ccsv6\tools\compiler\ti-cgt-msp430_4.4.7\lib\</path>
         <kind>archive</kind>
         <file>rts430x_lc_rd_eabi.lib</file>
         <name>strlen.obj</name>
      </input_file>
   </input_file_list>
   <object_component_list>
      <object_component id="oc-3f4">
         <name>.cinit..data.load</name>
         <load_address>0x4a94</load_address>
         <run_address>0x4a94</run_address>
         <size>0x16</size>
      </object_component>
      <object_component id="oc-3f2">
         <name>__TI_handler_table</name>
         <load_address>0x4aaa</load_address>
         <run_address>0x4aaa</run_address>
         <size>0x8</size>
      </object_component>
      <object_component id="oc-3f3">
         <name>__TI_cinit_table</name>
         <load_address>0x4ab2</load_address>
         <run_address>0x4ab2</run_address>
         <size>0x8</size>
      </object_component>
      <object_component id="oc-1fe">
         <name>.const:.string</name>
         <load_address>0x49e0</load_address>
         <run_address>0x49e0</run_address>
         <size>0x3e</size>
         <input_file_ref idref="fl-3"/>
      </object_component>
      <object_component id="oc-25c">
         <name>.const:alphabetBig</name>
         <load_address>0x4a1e</load_address>
         <run_address>0x4a1e</run_address>
         <size>0x34</size>
         <input_file_ref idref="fl-5"/>
      </object_component>
      <object_component id="oc-31a">
         <name>.const:GPIO_PORT_TO_BASE</name>
         <load_address>0x4a52</load_address>
         <run_address>0x4a52</run_address>
         <size>0x1c</size>
         <input_file_ref idref="fl-13"/>
      </object_component>
      <object_component id="oc-25f">
         <name>.const:digit</name>
         <load_address>0x4a6e</load_address>
         <run_address>0x4a6e</run_address>
         <size>0x14</size>
         <input_file_ref idref="fl-5"/>
      </object_component>
      <object_component id="oc-2db">
         <name>.const</name>
         <load_address>0x4a82</load_address>
         <run_address>0x4a82</run_address>
         <size>0xc</size>
         <input_file_ref idref="fl-5"/>
      </object_component>
      <object_component id="oc-324">
         <name>.const:.string:$P$T1$2</name>
         <load_address>0x4a8e</load_address>
         <run_address>0x4a8e</run_address>
         <size>0x6</size>
         <input_file_ref idref="fl-5"/>
      </object_component>
      <object_component id="oc-10c">
         <name>.text:_isr:PORT1_ISR</name>
         <load_address>0x4400</load_address>
         <run_address>0x4400</run_address>
         <size>0x492</size>
         <input_file_ref idref="fl-3"/>
      </object_component>
      <object_component id="oc-112">
         <name>.text:_isr:TIMER0_A0_ISR</name>
         <load_address>0x4892</load_address>
         <run_address>0x4892</run_address>
         <size>0xbc</size>
         <input_file_ref idref="fl-3"/>
      </object_component>
      <object_component id="oc-106">
         <name>.text:_isr:RTC_ISR</name>
         <load_address>0x494e</load_address>
         <run_address>0x494e</run_address>
         <size>0x52</size>
         <input_file_ref idref="fl-3"/>
      </object_component>
      <object_component id="oc-118">
         <name>.text:_isr:ADC12_ISR</name>
         <load_address>0x49a0</load_address>
         <run_address>0x49a0</run_address>
         <size>0x20</size>
         <input_file_ref idref="fl-3"/>
      </object_component>
      <object_component id="oc-bf">
         <name>.text:_isr:_c_int00_noargs_noexit</name>
         <load_address>0x49c0</load_address>
         <run_address>0x49c0</run_address>
         <size>0x1a</size>
         <input_file_ref idref="fl-8a"/>
      </object_component>
      <object_component id="oc-101">
         <name>.text:_isr:__TI_ISR_TRAP</name>
         <load_address>0x49da</load_address>
         <run_address>0x49da</run_address>
         <size>0x6</size>
         <input_file_ref idref="fl-59"/>
      </object_component>
      <object_component id="oc-248">
         <name>.text:__TI_frcmpyd</name>
         <load_address>0x10000</load_address>
         <run_address>0x10000</run_address>
         <size>0x2e4</size>
         <input_file_ref idref="fl-79"/>
      </object_component>
      <object_component id="oc-181">
         <name>.text:__mspabi_mpyd</name>
         <load_address>0x102e4</load_address>
         <run_address>0x102e4</run_address>
         <size>0x282</size>
         <input_file_ref idref="fl-78"/>
      </object_component>
      <object_component id="oc-1e6">
         <name>.text:Init_GPIO</name>
         <load_address>0x10566</load_address>
         <run_address>0x10566</run_address>
         <size>0x1ba</size>
         <input_file_ref idref="fl-3"/>
      </object_component>
      <object_component id="oc-145">
         <name>.text:main</name>
         <load_address>0x10720</load_address>
         <run_address>0x10720</run_address>
         <size>0x11a</size>
         <input_file_ref idref="fl-3"/>
      </object_component>
      <object_component id="oc-1ff">
         <name>.text:displayScrollText</name>
         <load_address>0x1083a</load_address>
         <run_address>0x1083a</run_address>
         <size>0xf6</size>
         <input_file_ref idref="fl-5"/>
      </object_component>
      <object_component id="oc-21d">
         <name>.text:clearLCD</name>
         <load_address>0x10930</load_address>
         <run_address>0x10930</run_address>
         <size>0xea</size>
         <input_file_ref idref="fl-5"/>
      </object_component>
      <object_component id="oc-1f2">
         <name>.text:Init_LCD</name>
         <load_address>0x10a1a</load_address>
         <run_address>0x10a1a</run_address>
         <size>0xa6</size>
         <input_file_ref idref="fl-5"/>
      </object_component>
      <object_component id="oc-2e4">
         <name>.text:LCD_C_setPinAsLCDFunctionEx</name>
         <load_address>0x10ac0</load_address>
         <run_address>0x10ac0</run_address>
         <size>0x8a</size>
         <input_file_ref idref="fl-14"/>
      </object_component>
      <object_component id="oc-192">
         <name>.text:showChar</name>
         <load_address>0x10b4a</load_address>
         <run_address>0x10b4a</run_address>
         <size>0x7e</size>
         <input_file_ref idref="fl-5"/>
      </object_component>
      <object_component id="oc-198">
         <name>.text:Timer_A_initUpMode</name>
         <load_address>0x10bc8</load_address>
         <run_address>0x10bc8</run_address>
         <size>0x7c</size>
         <input_file_ref idref="fl-1e"/>
      </object_component>
      <object_component id="oc-17b">
         <name>.text:__mspabi_fltuld</name>
         <load_address>0x10c44</load_address>
         <run_address>0x10c44</run_address>
         <size>0x76</size>
         <input_file_ref idref="fl-77"/>
      </object_component>
      <object_component id="oc-2a9">
         <name>.text:GPIO_setAsPeripheralModuleFunctionInputPin</name>
         <load_address>0x10cba</load_address>
         <run_address>0x10cba</run_address>
         <size>0x72</size>
         <input_file_ref idref="fl-13"/>
      </object_component>
      <object_component id="oc-2a3">
         <name>.text:GPIO_setAsPeripheralModuleFunctionOutputPin</name>
         <load_address>0x10d2c</load_address>
         <run_address>0x10d2c</run_address>
         <size>0x72</size>
         <input_file_ref idref="fl-13"/>
      </object_component>
      <object_component id="oc-12b">
         <name>.text:_auto_init_hold_wdt</name>
         <load_address>0x10d9e</load_address>
         <run_address>0x10d9e</run_address>
         <size>0x6c</size>
         <input_file_ref idref="fl-89"/>
      </object_component>
      <object_component id="oc-f4">
         <name>.text:__TI_decompress_rle_core</name>
         <load_address>0x10e0a</load_address>
         <run_address>0x10e0a</run_address>
         <size>0x68</size>
         <input_file_ref idref="fl-57"/>
      </object_component>
      <object_component id="oc-187">
         <name>.text:__mspabi_fixdul</name>
         <load_address>0x10e72</load_address>
         <run_address>0x10e72</run_address>
         <size>0x68</size>
         <input_file_ref idref="fl-76"/>
      </object_component>
      <object_component id="oc-2ce">
         <name>.text:CS_initClockSignal</name>
         <load_address>0x10eda</load_address>
         <run_address>0x10eda</run_address>
         <size>0x66</size>
         <input_file_ref idref="fl-b"/>
      </object_component>
      <object_component id="oc-18d">
         <name>.text</name>
         <load_address>0x10f40</load_address>
         <run_address>0x10f40</run_address>
         <size>0x58</size>
         <input_file_ref idref="fl-75"/>
      </object_component>
      <object_component id="oc-2ea">
         <name>.text:LCD_C_setVLCDSource</name>
         <load_address>0x10f98</load_address>
         <run_address>0x10f98</run_address>
         <size>0x52</size>
         <input_file_ref idref="fl-14"/>
      </object_component>
      <object_component id="oc-2bb">
         <name>.text:GPIO_setAsInputPinWithPullUpResistor</name>
         <load_address>0x10fea</load_address>
         <run_address>0x10fea</run_address>
         <size>0x4a</size>
         <input_file_ref idref="fl-13"/>
      </object_component>
      <object_component id="oc-364">
         <name>.text:setLCDFunction</name>
         <load_address>0x11034</load_address>
         <run_address>0x11034</run_address>
         <size>0x42</size>
         <input_file_ref idref="fl-14"/>
      </object_component>
      <object_component id="oc-2af">
         <name>.text:GPIO_setAsInputPin</name>
         <load_address>0x11076</load_address>
         <run_address>0x11076</run_address>
         <size>0x40</size>
         <input_file_ref idref="fl-13"/>
      </object_component>
      <object_component id="oc-211">
         <name>.text:RTC_C_enableInterrupt</name>
         <load_address>0x110b6</load_address>
         <run_address>0x110b6</run_address>
         <size>0x40</size>
         <input_file_ref idref="fl-1b"/>
      </object_component>
      <object_component id="oc-33a">
         <name>.text:l_asr_const</name>
         <load_address>0x110f6</load_address>
         <run_address>0x110f6</run_address>
         <size>0x3e</size>
         <input_file_ref idref="fl-84"/>
      </object_component>
      <object_component id="oc-23c">
         <name>.text:l_lsl_const</name>
         <load_address>0x11134</load_address>
         <run_address>0x11134</run_address>
         <size>0x3e</size>
         <input_file_ref idref="fl-82"/>
      </object_component>
      <object_component id="oc-241">
         <name>.text:l_lsr_const</name>
         <load_address>0x11172</load_address>
         <run_address>0x11172</run_address>
         <size>0x3e</size>
         <input_file_ref idref="fl-86"/>
      </object_component>
      <object_component id="oc-2d4">
         <name>.text:CS_turnOnLFXT</name>
         <load_address>0x111b0</load_address>
         <run_address>0x111b0</run_address>
         <size>0x3a</size>
         <input_file_ref idref="fl-b"/>
      </object_component>
      <object_component id="oc-29d">
         <name>.text:GPIO_setAsOutputPin</name>
         <load_address>0x111ea</load_address>
         <run_address>0x111ea</run_address>
         <size>0x34</size>
         <input_file_ref idref="fl-13"/>
      </object_component>
      <object_component id="oc-1ec">
         <name>.text:Init_Clock</name>
         <load_address>0x1121e</load_address>
         <run_address>0x1121e</run_address>
         <size>0x30</size>
         <input_file_ref idref="fl-3"/>
      </object_component>
      <object_component id="oc-205">
         <name>.text:RTC_C_initCounter</name>
         <load_address>0x1124e</load_address>
         <run_address>0x1124e</run_address>
         <size>0x30</size>
         <input_file_ref idref="fl-1b"/>
      </object_component>
      <object_component id="oc-1ab">
         <name>.text:ADC12_B_disableConversions</name>
         <load_address>0x1127e</load_address>
         <run_address>0x1127e</run_address>
         <size>0x2e</size>
         <input_file_ref idref="fl-6"/>
      </object_component>
      <object_component id="oc-2b5">
         <name>.text:GPIO_selectInterruptEdge</name>
         <load_address>0x112ac</load_address>
         <run_address>0x112ac</run_address>
         <size>0x2e</size>
         <input_file_ref idref="fl-13"/>
      </object_component>
      <object_component id="oc-2de">
         <name>.text:LCD_C_init</name>
         <load_address>0x112da</load_address>
         <run_address>0x112da</run_address>
         <size>0x2e</size>
         <input_file_ref idref="fl-14"/>
      </object_component>
      <object_component id="oc-302">
         <name>.text:LCD_C_configChargePump</name>
         <load_address>0x11308</load_address>
         <run_address>0x11308</run_address>
         <size>0x2c</size>
         <input_file_ref idref="fl-14"/>
      </object_component>
      <object_component id="oc-176">
         <name>.text</name>
         <load_address>0x11334</load_address>
         <run_address>0x11334</run_address>
         <size>0x22</size>
         <input_file_ref idref="fl-7d"/>
      </object_component>
      <object_component id="oc-1da">
         <name>.text:WDT_A_hold</name>
         <load_address>0x11356</load_address>
         <run_address>0x11356</run_address>
         <size>0x20</size>
         <input_file_ref idref="fl-21"/>
      </object_component>
      <object_component id="oc-1f8">
         <name>.text:GPIO_clearInterrupt</name>
         <load_address>0x11376</load_address>
         <run_address>0x11376</run_address>
         <size>0x1e</size>
         <input_file_ref idref="fl-13"/>
      </object_component>
      <object_component id="oc-2c1">
         <name>.text:GPIO_enableInterrupt</name>
         <load_address>0x11394</load_address>
         <run_address>0x11394</run_address>
         <size>0x1e</size>
         <input_file_ref idref="fl-13"/>
      </object_component>
      <object_component id="oc-20b">
         <name>.text:RTC_C_definePrescaleEvent</name>
         <load_address>0x113b2</load_address>
         <run_address>0x113b2</run_address>
         <size>0x1e</size>
         <input_file_ref idref="fl-1b"/>
      </object_component>
      <object_component id="oc-1b1">
         <name>.text:RTC_C_holdClock</name>
         <load_address>0x113d0</load_address>
         <run_address>0x113d0</run_address>
         <size>0x1e</size>
         <input_file_ref idref="fl-1b"/>
      </object_component>
      <object_component id="oc-217">
         <name>.text:RTC_C_startClock</name>
         <load_address>0x113ee</load_address>
         <run_address>0x113ee</run_address>
         <size>0x1e</size>
         <input_file_ref idref="fl-1b"/>
      </object_component>
      <object_component id="oc-297">
         <name>.text:GPIO_setOutputLowOnPin</name>
         <load_address>0x1140c</load_address>
         <run_address>0x1140c</run_address>
         <size>0x1c</size>
         <input_file_ref idref="fl-13"/>
      </object_component>
      <object_component id="oc-2fc">
         <name>.text:LCD_C_selectChargePumpReference</name>
         <load_address>0x11428</load_address>
         <run_address>0x11428</run_address>
         <size>0x1a</size>
         <input_file_ref idref="fl-14"/>
      </object_component>
      <object_component id="oc-2f0">
         <name>.text:LCD_C_setVLCDVoltage</name>
         <load_address>0x11442</load_address>
         <run_address>0x11442</run_address>
         <size>0x1a</size>
         <input_file_ref idref="fl-14"/>
      </object_component>
      <object_component id="oc-223">
         <name>.text:LCD_C_selectDisplayMemory</name>
         <load_address>0x1145c</load_address>
         <run_address>0x1145c</run_address>
         <size>0x18</size>
         <input_file_ref idref="fl-14"/>
      </object_component>
      <object_component id="oc-1b8">
         <name>.text:ADC12_B_clearInterrupt</name>
         <load_address>0x11474</load_address>
         <run_address>0x11474</run_address>
         <size>0x14</size>
         <input_file_ref idref="fl-6"/>
      </object_component>
      <object_component id="oc-e7">
         <name>.text:memcpy</name>
         <load_address>0x11488</load_address>
         <run_address>0x11488</run_address>
         <size>0x14</size>
         <input_file_ref idref="fl-90"/>
      </object_component>
      <object_component id="oc-2c8">
         <name>.text:CS_setDCOFreq</name>
         <load_address>0x1149c</load_address>
         <run_address>0x1149c</run_address>
         <size>0x12</size>
         <input_file_ref idref="fl-b"/>
      </object_component>
      <object_component id="oc-79">
         <name>.text:decompress:none:__TI_decompress_none</name>
         <load_address>0x114ae</load_address>
         <run_address>0x114ae</run_address>
         <size>0x12</size>
         <input_file_ref idref="fl-56"/>
      </object_component>
      <object_component id="oc-255">
         <name>.text:l_lsr</name>
         <load_address>0x114c0</load_address>
         <run_address>0x114c0</run_address>
         <size>0x10</size>
         <input_file_ref idref="fl-86"/>
      </object_component>
      <object_component id="oc-2f6">
         <name>.text:LCD_C_enableChargePump</name>
         <load_address>0x114d0</load_address>
         <run_address>0x114d0</run_address>
         <size>0xe</size>
         <input_file_ref idref="fl-14"/>
      </object_component>
      <object_component id="oc-31e">
         <name>.text:strlen</name>
         <load_address>0x114de</load_address>
         <run_address>0x114de</run_address>
         <size>0xe</size>
         <input_file_ref idref="fl-91"/>
      </object_component>
      <object_component id="oc-1a5">
         <name>.text:ADC12_B_disable</name>
         <load_address>0x114ec</load_address>
         <run_address>0x114ec</run_address>
         <size>0xc</size>
         <input_file_ref idref="fl-6"/>
      </object_component>
      <object_component id="oc-308">
         <name>.text:LCD_C_clearMemory</name>
         <load_address>0x114f8</load_address>
         <run_address>0x114f8</run_address>
         <size>0xc</size>
         <input_file_ref idref="fl-14"/>
      </object_component>
      <object_component id="oc-26c">
         <name>.text:ADC12_B_isBusy</name>
         <load_address>0x11504</load_address>
         <run_address>0x11504</run_address>
         <size>0xa</size>
         <input_file_ref idref="fl-6"/>
      </object_component>
      <object_component id="oc-36a">
         <name>.text</name>
         <load_address>0x1150e</load_address>
         <run_address>0x1150e</run_address>
         <size>0xa</size>
         <input_file_ref idref="fl-81"/>
      </object_component>
      <object_component id="oc-35f">
         <name>.text</name>
         <load_address>0x11518</load_address>
         <run_address>0x11518</run_address>
         <size>0xa</size>
         <input_file_ref idref="fl-85"/>
      </object_component>
      <object_component id="oc-19f">
         <name>.text:Timer_A_stop</name>
         <load_address>0x11522</load_address>
         <run_address>0x11522</run_address>
         <size>0x8</size>
         <input_file_ref idref="fl-1e"/>
      </object_component>
      <object_component id="oc-30e">
         <name>.text:LCD_C_on</name>
         <load_address>0x1152a</load_address>
         <run_address>0x1152a</run_address>
         <size>0x6</size>
         <input_file_ref idref="fl-14"/>
      </object_component>
      <object_component id="oc-1e0">
         <name>.text:PMM_unlockLPM5</name>
         <load_address>0x11530</load_address>
         <run_address>0x11530</run_address>
         <size>0x6</size>
         <input_file_ref idref="fl-17"/>
      </object_component>
      <object_component id="oc-7f">
         <name>.text:decompress:rle24:__TI_decompress_rle24</name>
         <load_address>0x11536</load_address>
         <run_address>0x11536</run_address>
         <size>0x6</size>
         <input_file_ref idref="fl-57"/>
      </object_component>
      <object_component id="oc-125">
         <name>.text:_system_pre_init</name>
         <load_address>0x1153c</load_address>
         <run_address>0x1153c</run_address>
         <size>0x4</size>
         <input_file_ref idref="fl-8c"/>
      </object_component>
      <object_component id="oc-14d">
         <name>.text:abort</name>
         <load_address>0x11540</load_address>
         <run_address>0x11540</run_address>
         <size>0x4</size>
         <input_file_ref idref="fl-8d"/>
      </object_component>
      <object_component id="oc-172">
         <name>.data</name>
         <load_address>0x1c00</load_address>
         <run_address>0x1c00</run_address>
         <size>0x68</size>
         <input_file_ref idref="fl-3"/>
      </object_component>
      <object_component id="oc-e3">
         <name>.stack</name>
         <uninitialized>true</uninitialized>
         <run_address>0x2360</run_address>
         <size>0x4</size>
         <input_file_ref idref="fl-87"/>
      </object_component>
      <object_component id="oc-3f5">
         <name>.stack</name>
         <uninitialized>true</uninitialized>
         <run_address>0x2360</run_address>
         <size>0x0</size>
      </object_component>
      <object_component id="oc-85">
         <name>.int27</name>
         <load_address>0xffc6</load_address>
         <run_address>0xffc6</run_address>
         <size>0x2</size>
         <input_file_ref idref="fl-58"/>
      </object_component>
      <object_component id="oc-86">
         <name>.int28</name>
         <load_address>0xffc8</load_address>
         <run_address>0xffc8</run_address>
         <size>0x2</size>
         <input_file_ref idref="fl-3"/>
      </object_component>
      <object_component id="oc-87">
         <name>.int29</name>
         <load_address>0xffca</load_address>
         <run_address>0xffca</run_address>
         <size>0x2</size>
         <input_file_ref idref="fl-5a"/>
      </object_component>
      <object_component id="oc-88">
         <name>.int30</name>
         <load_address>0xffcc</load_address>
         <run_address>0xffcc</run_address>
         <size>0x2</size>
         <input_file_ref idref="fl-5b"/>
      </object_component>
      <object_component id="oc-89">
         <name>.int31</name>
         <load_address>0xffce</load_address>
         <run_address>0xffce</run_address>
         <size>0x2</size>
         <input_file_ref idref="fl-5c"/>
      </object_component>
      <object_component id="oc-8a">
         <name>.int32</name>
         <load_address>0xffd0</load_address>
         <run_address>0xffd0</run_address>
         <size>0x2</size>
         <input_file_ref idref="fl-5d"/>
      </object_component>
      <object_component id="oc-8b">
         <name>.int33</name>
         <load_address>0xffd2</load_address>
         <run_address>0xffd2</run_address>
         <size>0x2</size>
         <input_file_ref idref="fl-5e"/>
      </object_component>
      <object_component id="oc-8c">
         <name>.int34</name>
         <load_address>0xffd4</load_address>
         <run_address>0xffd4</run_address>
         <size>0x2</size>
         <input_file_ref idref="fl-5f"/>
      </object_component>
      <object_component id="oc-8d">
         <name>.int35</name>
         <load_address>0xffd6</load_address>
         <run_address>0xffd6</run_address>
         <size>0x2</size>
         <input_file_ref idref="fl-60"/>
      </object_component>
      <object_component id="oc-8e">
         <name>.int36</name>
         <load_address>0xffd8</load_address>
         <run_address>0xffd8</run_address>
         <size>0x2</size>
         <input_file_ref idref="fl-61"/>
      </object_component>
      <object_component id="oc-8f">
         <name>.int37</name>
         <load_address>0xffda</load_address>
         <run_address>0xffda</run_address>
         <size>0x2</size>
         <input_file_ref idref="fl-3"/>
      </object_component>
      <object_component id="oc-90">
         <name>.int38</name>
         <load_address>0xffdc</load_address>
         <run_address>0xffdc</run_address>
         <size>0x2</size>
         <input_file_ref idref="fl-62"/>
      </object_component>
      <object_component id="oc-91">
         <name>.int39</name>
         <load_address>0xffde</load_address>
         <run_address>0xffde</run_address>
         <size>0x2</size>
         <input_file_ref idref="fl-63"/>
      </object_component>
      <object_component id="oc-92">
         <name>.int40</name>
         <load_address>0xffe0</load_address>
         <run_address>0xffe0</run_address>
         <size>0x2</size>
         <input_file_ref idref="fl-64"/>
      </object_component>
      <object_component id="oc-93">
         <name>.int41</name>
         <load_address>0xffe2</load_address>
         <run_address>0xffe2</run_address>
         <size>0x2</size>
         <input_file_ref idref="fl-65"/>
      </object_component>
      <object_component id="oc-94">
         <name>.int42</name>
         <load_address>0xffe4</load_address>
         <run_address>0xffe4</run_address>
         <size>0x2</size>
         <input_file_ref idref="fl-66"/>
      </object_component>
      <object_component id="oc-95">
         <name>.int43</name>
         <load_address>0xffe6</load_address>
         <run_address>0xffe6</run_address>
         <size>0x2</size>
         <input_file_ref idref="fl-67"/>
      </object_component>
      <object_component id="oc-96">
         <name>.int44</name>
         <load_address>0xffe8</load_address>
         <run_address>0xffe8</run_address>
         <size>0x2</size>
         <input_file_ref idref="fl-3"/>
      </object_component>
      <object_component id="oc-97">
         <name>.int45</name>
         <load_address>0xffea</load_address>
         <run_address>0xffea</run_address>
         <size>0x2</size>
         <input_file_ref idref="fl-3"/>
      </object_component>
      <object_component id="oc-98">
         <name>.int46</name>
         <load_address>0xffec</load_address>
         <run_address>0xffec</run_address>
         <size>0x2</size>
         <input_file_ref idref="fl-68"/>
      </object_component>
      <object_component id="oc-99">
         <name>.int47</name>
         <load_address>0xffee</load_address>
         <run_address>0xffee</run_address>
         <size>0x2</size>
         <input_file_ref idref="fl-69"/>
      </object_component>
      <object_component id="oc-9a">
         <name>.int48</name>
         <load_address>0xfff0</load_address>
         <run_address>0xfff0</run_address>
         <size>0x2</size>
         <input_file_ref idref="fl-6a"/>
      </object_component>
      <object_component id="oc-9b">
         <name>.int49</name>
         <load_address>0xfff2</load_address>
         <run_address>0xfff2</run_address>
         <size>0x2</size>
         <input_file_ref idref="fl-6b"/>
      </object_component>
      <object_component id="oc-9c">
         <name>.int50</name>
         <load_address>0xfff4</load_address>
         <run_address>0xfff4</run_address>
         <size>0x2</size>
         <input_file_ref idref="fl-6c"/>
      </object_component>
      <object_component id="oc-9d">
         <name>.int51</name>
         <load_address>0xfff6</load_address>
         <run_address>0xfff6</run_address>
         <size>0x2</size>
         <input_file_ref idref="fl-6d"/>
      </object_component>
      <object_component id="oc-9e">
         <name>.int52</name>
         <load_address>0xfff8</load_address>
         <run_address>0xfff8</run_address>
         <size>0x2</size>
         <input_file_ref idref="fl-6e"/>
      </object_component>
      <object_component id="oc-9f">
         <name>.int53</name>
         <load_address>0xfffa</load_address>
         <run_address>0xfffa</run_address>
         <size>0x2</size>
         <input_file_ref idref="fl-6f"/>
      </object_component>
      <object_component id="oc-a0">
         <name>.int54</name>
         <load_address>0xfffc</load_address>
         <run_address>0xfffc</run_address>
         <size>0x2</size>
         <input_file_ref idref="fl-70"/>
      </object_component>
      <object_component id="oc-e6">
         <name>.reset</name>
         <load_address>0xfffe</load_address>
         <run_address>0xfffe</run_address>
         <size>0x2</size>
         <input_file_ref idref="fl-87"/>
      </object_component>
      <object_component id="oc-331">
         <name>.debug_info</name>
         <load_address>0x0</load_address>
         <run_address>0x0</run_address>
         <size>0x131</size>
         <input_file_ref idref="fl-2"/>
      </object_component>
      <object_component id="oc-315">
         <name>.debug_info</name>
         <load_address>0x131</load_address>
         <run_address>0x131</run_address>
         <size>0xb2</size>
         <input_file_ref idref="fl-2"/>
      </object_component>
      <object_component id="oc-236">
         <name>.debug_info</name>
         <load_address>0x1e3</load_address>
         <run_address>0x1e3</run_address>
         <size>0x392</size>
         <input_file_ref idref="fl-2"/>
      </object_component>
      <object_component id="oc-22a">
         <name>.debug_info</name>
         <load_address>0x575</load_address>
         <run_address>0x575</run_address>
         <size>0x8b</size>
         <input_file_ref idref="fl-2"/>
      </object_component>
      <object_component id="oc-264">
         <name>.debug_info</name>
         <load_address>0x600</load_address>
         <run_address>0x600</run_address>
         <size>0x18b</size>
         <input_file_ref idref="fl-2"/>
      </object_component>
      <object_component id="oc-234">
         <name>.debug_info</name>
         <load_address>0x78b</load_address>
         <run_address>0x78b</run_address>
         <size>0xb74</size>
         <input_file_ref idref="fl-3"/>
      </object_component>
      <object_component id="oc-173">
         <name>.debug_info</name>
         <load_address>0x12ff</load_address>
         <run_address>0x12ff</run_address>
         <size>0x44c</size>
         <input_file_ref idref="fl-3"/>
      </object_component>
      <object_component id="oc-146">
         <name>.debug_info</name>
         <load_address>0x174b</load_address>
         <run_address>0x174b</run_address>
         <size>0x2c5</size>
         <input_file_ref idref="fl-3"/>
      </object_component>
      <object_component id="oc-1e7">
         <name>.debug_info</name>
         <load_address>0x1a10</load_address>
         <run_address>0x1a10</run_address>
         <size>0x624</size>
         <input_file_ref idref="fl-3"/>
      </object_component>
      <object_component id="oc-1ed">
         <name>.debug_info</name>
         <load_address>0x2034</load_address>
         <run_address>0x2034</run_address>
         <size>0x167</size>
         <input_file_ref idref="fl-3"/>
      </object_component>
      <object_component id="oc-107">
         <name>.debug_info</name>
         <load_address>0x219b</load_address>
         <run_address>0x219b</run_address>
         <size>0x108</size>
         <input_file_ref idref="fl-3"/>
      </object_component>
      <object_component id="oc-10d">
         <name>.debug_info</name>
         <load_address>0x22a3</load_address>
         <run_address>0x22a3</run_address>
         <size>0x393</size>
         <input_file_ref idref="fl-3"/>
      </object_component>
      <object_component id="oc-113">
         <name>.debug_info</name>
         <load_address>0x2636</load_address>
         <run_address>0x2636</run_address>
         <size>0x19a</size>
         <input_file_ref idref="fl-3"/>
      </object_component>
      <object_component id="oc-119">
         <name>.debug_info</name>
         <load_address>0x27d0</load_address>
         <run_address>0x27d0</run_address>
         <size>0x129</size>
         <input_file_ref idref="fl-3"/>
      </object_component>
      <object_component id="oc-328">
         <name>.debug_info</name>
         <load_address>0x28f9</load_address>
         <run_address>0x28f9</run_address>
         <size>0x53c</size>
         <input_file_ref idref="fl-5"/>
      </object_component>
      <object_component id="oc-260">
         <name>.debug_info</name>
         <load_address>0x2e35</load_address>
         <run_address>0x2e35</run_address>
         <size>0xc7</size>
         <input_file_ref idref="fl-5"/>
      </object_component>
      <object_component id="oc-25d">
         <name>.debug_info</name>
         <load_address>0x2efc</load_address>
         <run_address>0x2efc</run_address>
         <size>0xd3</size>
         <input_file_ref idref="fl-5"/>
      </object_component>
      <object_component id="oc-2dc">
         <name>.debug_info</name>
         <load_address>0x2fcf</load_address>
         <run_address>0x2fcf</run_address>
         <size>0xca</size>
         <input_file_ref idref="fl-5"/>
      </object_component>
      <object_component id="oc-325">
         <name>.debug_info</name>
         <load_address>0x3099</load_address>
         <run_address>0x3099</run_address>
         <size>0xca</size>
         <input_file_ref idref="fl-5"/>
      </object_component>
      <object_component id="oc-1f4">
         <name>.debug_info</name>
         <load_address>0x3163</load_address>
         <run_address>0x3163</run_address>
         <size>0x239</size>
         <input_file_ref idref="fl-5"/>
      </object_component>
      <object_component id="oc-201">
         <name>.debug_info</name>
         <load_address>0x339c</load_address>
         <run_address>0x339c</run_address>
         <size>0x20f</size>
         <input_file_ref idref="fl-5"/>
      </object_component>
      <object_component id="oc-194">
         <name>.debug_info</name>
         <load_address>0x35ab</load_address>
         <run_address>0x35ab</run_address>
         <size>0x145</size>
         <input_file_ref idref="fl-5"/>
      </object_component>
      <object_component id="oc-21f">
         <name>.debug_info</name>
         <load_address>0x36f0</load_address>
         <run_address>0x36f0</run_address>
         <size>0xfd</size>
         <input_file_ref idref="fl-5"/>
      </object_component>
      <object_component id="oc-162">
         <name>.debug_info</name>
         <load_address>0x37ed</load_address>
         <run_address>0x37ed</run_address>
         <size>0x2c</size>
         <input_file_ref idref="fl-5"/>
      </object_component>
      <object_component id="oc-1a6">
         <name>.debug_info</name>
         <load_address>0x3819</load_address>
         <run_address>0x3819</run_address>
         <size>0x197</size>
         <input_file_ref idref="fl-6"/>
      </object_component>
      <object_component id="oc-1ba">
         <name>.debug_info</name>
         <load_address>0x39b0</load_address>
         <run_address>0x39b0</run_address>
         <size>0x281</size>
         <input_file_ref idref="fl-6"/>
      </object_component>
      <object_component id="oc-1ad">
         <name>.debug_info</name>
         <load_address>0x3c31</load_address>
         <run_address>0x3c31</run_address>
         <size>0x1f0</size>
         <input_file_ref idref="fl-6"/>
      </object_component>
      <object_component id="oc-26e">
         <name>.debug_info</name>
         <load_address>0x3e21</load_address>
         <run_address>0x3e21</run_address>
         <size>0x17d</size>
         <input_file_ref idref="fl-6"/>
      </object_component>
      <object_component id="oc-15b">
         <name>.debug_info</name>
         <load_address>0x3f9e</load_address>
         <run_address>0x3f9e</run_address>
         <size>0x84</size>
         <input_file_ref idref="fl-7"/>
      </object_component>
      <object_component id="oc-2cf">
         <name>.debug_info</name>
         <load_address>0x4022</load_address>
         <run_address>0x4022</run_address>
         <size>0x249</size>
         <input_file_ref idref="fl-b"/>
      </object_component>
      <object_component id="oc-2d5">
         <name>.debug_info</name>
         <load_address>0x426b</load_address>
         <run_address>0x426b</run_address>
         <size>0x164</size>
         <input_file_ref idref="fl-b"/>
      </object_component>
      <object_component id="oc-2c9">
         <name>.debug_info</name>
         <load_address>0x43cf</load_address>
         <run_address>0x43cf</run_address>
         <size>0x18e</size>
         <input_file_ref idref="fl-b"/>
      </object_component>
      <object_component id="oc-379">
         <name>.debug_info</name>
         <load_address>0x455d</load_address>
         <run_address>0x455d</run_address>
         <size>0x15b</size>
         <input_file_ref idref="fl-13"/>
      </object_component>
      <object_component id="oc-31b">
         <name>.debug_info</name>
         <load_address>0x46b8</load_address>
         <run_address>0x46b8</run_address>
         <size>0xf5</size>
         <input_file_ref idref="fl-13"/>
      </object_component>
      <object_component id="oc-29e">
         <name>.debug_info</name>
         <load_address>0x47ad</load_address>
         <run_address>0x47ad</run_address>
         <size>0x1fb</size>
         <input_file_ref idref="fl-13"/>
      </object_component>
      <object_component id="oc-2b0">
         <name>.debug_info</name>
         <load_address>0x49a8</load_address>
         <run_address>0x49a8</run_address>
         <size>0x1f9</size>
         <input_file_ref idref="fl-13"/>
      </object_component>
      <object_component id="oc-2a4">
         <name>.debug_info</name>
         <load_address>0x4ba1</load_address>
         <run_address>0x4ba1</run_address>
         <size>0x24d</size>
         <input_file_ref idref="fl-13"/>
      </object_component>
      <object_component id="oc-2aa">
         <name>.debug_info</name>
         <load_address>0x4dee</load_address>
         <run_address>0x4dee</run_address>
         <size>0x24c</size>
         <input_file_ref idref="fl-13"/>
      </object_component>
      <object_component id="oc-299">
         <name>.debug_info</name>
         <load_address>0x503a</load_address>
         <run_address>0x503a</run_address>
         <size>0x204</size>
         <input_file_ref idref="fl-13"/>
      </object_component>
      <object_component id="oc-2bd">
         <name>.debug_info</name>
         <load_address>0x523e</load_address>
         <run_address>0x523e</run_address>
         <size>0x220</size>
         <input_file_ref idref="fl-13"/>
      </object_component>
      <object_component id="oc-2c2">
         <name>.debug_info</name>
         <load_address>0x545e</load_address>
         <run_address>0x545e</run_address>
         <size>0x200</size>
         <input_file_ref idref="fl-13"/>
      </object_component>
      <object_component id="oc-1f9">
         <name>.debug_info</name>
         <load_address>0x565e</load_address>
         <run_address>0x565e</run_address>
         <size>0x1fe</size>
         <input_file_ref idref="fl-13"/>
      </object_component>
      <object_component id="oc-2b6">
         <name>.debug_info</name>
         <load_address>0x585c</load_address>
         <run_address>0x585c</run_address>
         <size>0x242</size>
         <input_file_ref idref="fl-13"/>
      </object_component>
      <object_component id="oc-35e">
         <name>.debug_info</name>
         <load_address>0x5a9e</load_address>
         <run_address>0x5a9e</run_address>
         <size>0x154</size>
         <input_file_ref idref="fl-14"/>
      </object_component>
      <object_component id="oc-366">
         <name>.debug_info</name>
         <load_address>0x5bf2</load_address>
         <run_address>0x5bf2</run_address>
         <size>0x1bb</size>
         <input_file_ref idref="fl-14"/>
      </object_component>
      <object_component id="oc-2e0">
         <name>.debug_info</name>
         <load_address>0x5dad</load_address>
         <run_address>0x5dad</run_address>
         <size>0x1c1</size>
         <input_file_ref idref="fl-14"/>
      </object_component>
      <object_component id="oc-310">
         <name>.debug_info</name>
         <load_address>0x5f6e</load_address>
         <run_address>0x5f6e</run_address>
         <size>0x183</size>
         <input_file_ref idref="fl-14"/>
      </object_component>
      <object_component id="oc-30a">
         <name>.debug_info</name>
         <load_address>0x60f1</load_address>
         <run_address>0x60f1</run_address>
         <size>0x176</size>
         <input_file_ref idref="fl-14"/>
      </object_component>
      <object_component id="oc-225">
         <name>.debug_info</name>
         <load_address>0x6267</load_address>
         <run_address>0x6267</run_address>
         <size>0x1eb</size>
         <input_file_ref idref="fl-14"/>
      </object_component>
      <object_component id="oc-2f8">
         <name>.debug_info</name>
         <load_address>0x6452</load_address>
         <run_address>0x6452</run_address>
         <size>0x19f</size>
         <input_file_ref idref="fl-14"/>
      </object_component>
      <object_component id="oc-2fe">
         <name>.debug_info</name>
         <load_address>0x65f1</load_address>
         <run_address>0x65f1</run_address>
         <size>0x1e7</size>
         <input_file_ref idref="fl-14"/>
      </object_component>
      <object_component id="oc-2ec">
         <name>.debug_info</name>
         <load_address>0x67d8</load_address>
         <run_address>0x67d8</run_address>
         <size>0x247</size>
         <input_file_ref idref="fl-14"/>
      </object_component>
      <object_component id="oc-2f2">
         <name>.debug_info</name>
         <load_address>0x6a1f</load_address>
         <run_address>0x6a1f</run_address>
         <size>0x1c9</size>
         <input_file_ref idref="fl-14"/>
      </object_component>
      <object_component id="oc-2e6">
         <name>.debug_info</name>
         <load_address>0x6be8</load_address>
         <run_address>0x6be8</run_address>
         <size>0x322</size>
         <input_file_ref idref="fl-14"/>
      </object_component>
      <object_component id="oc-304">
         <name>.debug_info</name>
         <load_address>0x6f0a</load_address>
         <run_address>0x6f0a</run_address>
         <size>0x1e8</size>
         <input_file_ref idref="fl-14"/>
      </object_component>
      <object_component id="oc-1e1">
         <name>.debug_info</name>
         <load_address>0x70f2</load_address>
         <run_address>0x70f2</run_address>
         <size>0x14b</size>
         <input_file_ref idref="fl-17"/>
      </object_component>
      <object_component id="oc-218">
         <name>.debug_info</name>
         <load_address>0x723d</load_address>
         <run_address>0x723d</run_address>
         <size>0x193</size>
         <input_file_ref idref="fl-1b"/>
      </object_component>
      <object_component id="oc-1b2">
         <name>.debug_info</name>
         <load_address>0x73d0</load_address>
         <run_address>0x73d0</run_address>
         <size>0x191</size>
         <input_file_ref idref="fl-1b"/>
      </object_component>
      <object_component id="oc-206">
         <name>.debug_info</name>
         <load_address>0x7561</load_address>
         <run_address>0x7561</run_address>
         <size>0x20a</size>
         <input_file_ref idref="fl-1b"/>
      </object_component>
      <object_component id="oc-20d">
         <name>.debug_info</name>
         <load_address>0x776b</load_address>
         <run_address>0x776b</run_address>
         <size>0x251</size>
         <input_file_ref idref="fl-1b"/>
      </object_component>
      <object_component id="oc-213">
         <name>.debug_info</name>
         <load_address>0x79bc</load_address>
         <run_address>0x79bc</run_address>
         <size>0x1e6</size>
         <input_file_ref idref="fl-1b"/>
      </object_component>
      <object_component id="oc-269">
         <name>.debug_info</name>
         <load_address>0x7ba2</load_address>
         <run_address>0x7ba2</run_address>
         <size>0x16a</size>
         <input_file_ref idref="fl-1e"/>
      </object_component>
      <object_component id="oc-199">
         <name>.debug_info</name>
         <load_address>0x7d0c</load_address>
         <run_address>0x7d0c</run_address>
         <size>0x1c3</size>
         <input_file_ref idref="fl-1e"/>
      </object_component>
      <object_component id="oc-1a0">
         <name>.debug_info</name>
         <load_address>0x7ecf</load_address>
         <run_address>0x7ecf</run_address>
         <size>0x194</size>
         <input_file_ref idref="fl-1e"/>
      </object_component>
      <object_component id="oc-1db">
         <name>.debug_info</name>
         <load_address>0x8063</load_address>
         <run_address>0x8063</run_address>
         <size>0x1a8</size>
         <input_file_ref idref="fl-21"/>
      </object_component>
      <object_component id="oc-f3">
         <name>.debug_info</name>
         <load_address>0x820b</load_address>
         <run_address>0x820b</run_address>
         <size>0x1dc</size>
         <input_file_ref idref="fl-56"/>
      </object_component>
      <object_component id="oc-7a">
         <name>.debug_info</name>
         <load_address>0x83e7</load_address>
         <run_address>0x83e7</run_address>
         <size>0x1de</size>
         <input_file_ref idref="fl-56"/>
      </object_component>
      <object_component id="oc-ee">
         <name>.debug_info</name>
         <load_address>0x85c5</load_address>
         <run_address>0x85c5</run_address>
         <size>0x46</size>
         <input_file_ref idref="fl-56"/>
      </object_component>
      <object_component id="oc-169">
         <name>.debug_info</name>
         <load_address>0x860b</load_address>
         <run_address>0x860b</run_address>
         <size>0x2c</size>
         <input_file_ref idref="fl-56"/>
      </object_component>
      <object_component id="oc-fb">
         <name>.debug_info</name>
         <load_address>0x8637</load_address>
         <run_address>0x8637</run_address>
         <size>0x199</size>
         <input_file_ref idref="fl-57"/>
      </object_component>
      <object_component id="oc-f5">
         <name>.debug_info</name>
         <load_address>0x87d0</load_address>
         <run_address>0x87d0</run_address>
         <size>0x250</size>
         <input_file_ref idref="fl-57"/>
      </object_component>
      <object_component id="oc-81">
         <name>.debug_info</name>
         <load_address>0x8a20</load_address>
         <run_address>0x8a20</run_address>
         <size>0x1c7</size>
         <input_file_ref idref="fl-57"/>
      </object_component>
      <object_component id="oc-fc">
         <name>.debug_info</name>
         <load_address>0x8be7</load_address>
         <run_address>0x8be7</run_address>
         <size>0x39</size>
         <input_file_ref idref="fl-57"/>
      </object_component>
      <object_component id="oc-102">
         <name>.debug_info</name>
         <load_address>0x8c20</load_address>
         <run_address>0x8c20</run_address>
         <size>0x121</size>
         <input_file_ref idref="fl-59"/>
      </object_component>
      <object_component id="oc-18f">
         <name>.debug_info</name>
         <load_address>0x8d41</load_address>
         <run_address>0x8d41</run_address>
         <size>0x135</size>
         <input_file_ref idref="fl-75"/>
      </object_component>
      <object_component id="oc-188">
         <name>.debug_info</name>
         <load_address>0x8e76</load_address>
         <run_address>0x8e76</run_address>
         <size>0x1bb</size>
         <input_file_ref idref="fl-76"/>
      </object_component>
      <object_component id="oc-250">
         <name>.debug_info</name>
         <load_address>0x9031</load_address>
         <run_address>0x9031</run_address>
         <size>0x94</size>
         <input_file_ref idref="fl-76"/>
      </object_component>
      <object_component id="oc-247">
         <name>.debug_info</name>
         <load_address>0x90c5</load_address>
         <run_address>0x90c5</run_address>
         <size>0x16c</size>
         <input_file_ref idref="fl-77"/>
      </object_component>
      <object_component id="oc-17c">
         <name>.debug_info</name>
         <load_address>0x9231</load_address>
         <run_address>0x9231</run_address>
         <size>0x1cc</size>
         <input_file_ref idref="fl-77"/>
      </object_component>
      <object_component id="oc-24f">
         <name>.debug_info</name>
         <load_address>0x93fd</load_address>
         <run_address>0x93fd</run_address>
         <size>0x1a8</size>
         <input_file_ref idref="fl-78"/>
      </object_component>
      <object_component id="oc-184">
         <name>.debug_info</name>
         <load_address>0x95a5</load_address>
         <run_address>0x95a5</run_address>
         <size>0x26e</size>
         <input_file_ref idref="fl-78"/>
      </object_component>
      <object_component id="oc-340">
         <name>.debug_info</name>
         <load_address>0x9813</load_address>
         <run_address>0x9813</run_address>
         <size>0x18f</size>
         <input_file_ref idref="fl-79"/>
      </object_component>
      <object_component id="oc-24c">
         <name>.debug_info</name>
         <load_address>0x99a2</load_address>
         <run_address>0x99a2</run_address>
         <size>0x374</size>
         <input_file_ref idref="fl-79"/>
      </object_component>
      <object_component id="oc-179">
         <name>.debug_info</name>
         <load_address>0x9d16</load_address>
         <run_address>0x9d16</run_address>
         <size>0x142</size>
         <input_file_ref idref="fl-7d"/>
      </object_component>
      <object_component id="oc-36b">
         <name>.debug_info</name>
         <load_address>0x9e58</load_address>
         <run_address>0x9e58</run_address>
         <size>0x132</size>
         <input_file_ref idref="fl-81"/>
      </object_component>
      <object_component id="oc-23f">
         <name>.debug_info</name>
         <load_address>0x9f8a</load_address>
         <run_address>0x9f8a</run_address>
         <size>0x138</size>
         <input_file_ref idref="fl-82"/>
      </object_component>
      <object_component id="oc-33d">
         <name>.debug_info</name>
         <load_address>0xa0c2</load_address>
         <run_address>0xa0c2</run_address>
         <size>0x138</size>
         <input_file_ref idref="fl-84"/>
      </object_component>
      <object_component id="oc-360">
         <name>.debug_info</name>
         <load_address>0xa1fa</load_address>
         <run_address>0xa1fa</run_address>
         <size>0x132</size>
         <input_file_ref idref="fl-85"/>
      </object_component>
      <object_component id="oc-256">
         <name>.debug_info</name>
         <load_address>0xa32c</load_address>
         <run_address>0xa32c</run_address>
         <size>0x132</size>
         <input_file_ref idref="fl-86"/>
      </object_component>
      <object_component id="oc-242">
         <name>.debug_info</name>
         <load_address>0xa45e</load_address>
         <run_address>0xa45e</run_address>
         <size>0x138</size>
         <input_file_ref idref="fl-86"/>
      </object_component>
      <object_component id="oc-e4">
         <name>.debug_info</name>
         <load_address>0xa596</load_address>
         <run_address>0xa596</run_address>
         <size>0x10b</size>
         <input_file_ref idref="fl-87"/>
      </object_component>
      <object_component id="oc-1c3">
         <name>.debug_info</name>
         <load_address>0xa6a1</load_address>
         <run_address>0xa6a1</run_address>
         <size>0x339</size>
         <input_file_ref idref="fl-89"/>
      </object_component>
      <object_component id="oc-12c">
         <name>.debug_info</name>
         <load_address>0xa9da</load_address>
         <run_address>0xa9da</run_address>
         <size>0x20d</size>
         <input_file_ref idref="fl-89"/>
      </object_component>
      <object_component id="oc-277">
         <name>.debug_info</name>
         <load_address>0xabe7</load_address>
         <run_address>0xabe7</run_address>
         <size>0x39</size>
         <input_file_ref idref="fl-89"/>
      </object_component>
      <object_component id="oc-1c4">
         <name>.debug_info</name>
         <load_address>0xac20</load_address>
         <run_address>0xac20</run_address>
         <size>0x2c</size>
         <input_file_ref idref="fl-89"/>
      </object_component>
      <object_component id="oc-c2">
         <name>.debug_info</name>
         <load_address>0xac4c</load_address>
         <run_address>0xac4c</run_address>
         <size>0x1ac</size>
         <input_file_ref idref="fl-8a"/>
      </object_component>
      <object_component id="oc-126">
         <name>.debug_info</name>
         <load_address>0xadf8</load_address>
         <run_address>0xadf8</run_address>
         <size>0x15e</size>
         <input_file_ref idref="fl-8c"/>
      </object_component>
      <object_component id="oc-14f">
         <name>.debug_info</name>
         <load_address>0xaf56</load_address>
         <run_address>0xaf56</run_address>
         <size>0x12d</size>
         <input_file_ref idref="fl-8d"/>
      </object_component>
      <object_component id="oc-161">
         <name>.debug_info</name>
         <load_address>0xb083</load_address>
         <run_address>0xb083</run_address>
         <size>0x192</size>
         <input_file_ref idref="fl-90"/>
      </object_component>
      <object_component id="oc-e8">
         <name>.debug_info</name>
         <load_address>0xb215</load_address>
         <run_address>0xb215</run_address>
         <size>0x1a7</size>
         <input_file_ref idref="fl-90"/>
      </object_component>
      <object_component id="oc-37b">
         <name>.debug_info</name>
         <load_address>0xb3bc</load_address>
         <run_address>0xb3bc</run_address>
         <size>0x172</size>
         <input_file_ref idref="fl-91"/>
      </object_component>
      <object_component id="oc-31f">
         <name>.debug_info</name>
         <load_address>0xb52e</load_address>
         <run_address>0xb52e</run_address>
         <size>0x261</size>
         <input_file_ref idref="fl-91"/>
      </object_component>
      <object_component id="oc-3f8">
         <name>.debug_info</name>
         <load_address>0xb78f</load_address>
         <run_address>0xb78f</run_address>
         <size>0xa0</size>
      </object_component>
      <object_component id="oc-334">
         <name>.debug_line</name>
         <load_address>0x0</load_address>
         <run_address>0x0</run_address>
         <size>0x72</size>
         <input_file_ref idref="fl-2"/>
      </object_component>
      <object_component id="oc-318">
         <name>.debug_line</name>
         <load_address>0x72</load_address>
         <run_address>0x72</run_address>
         <size>0x72</size>
         <input_file_ref idref="fl-2"/>
      </object_component>
      <object_component id="oc-239">
         <name>.debug_line</name>
         <load_address>0xe4</load_address>
         <run_address>0xe4</run_address>
         <size>0x74</size>
         <input_file_ref idref="fl-2"/>
      </object_component>
      <object_component id="oc-22d">
         <name>.debug_line</name>
         <load_address>0x158</load_address>
         <run_address>0x158</run_address>
         <size>0x20</size>
         <input_file_ref idref="fl-2"/>
      </object_component>
      <object_component id="oc-267">
         <name>.debug_line</name>
         <load_address>0x178</load_address>
         <run_address>0x178</run_address>
         <size>0x63</size>
         <input_file_ref idref="fl-2"/>
      </object_component>
      <object_component id="oc-330">
         <name>.debug_line</name>
         <load_address>0x1db</load_address>
         <run_address>0x1db</run_address>
         <size>0x34e</size>
         <input_file_ref idref="fl-3"/>
      </object_component>
      <object_component id="oc-233">
         <name>.debug_line</name>
         <load_address>0x529</load_address>
         <run_address>0x529</run_address>
         <size>0x33</size>
         <input_file_ref idref="fl-3"/>
      </object_component>
      <object_component id="oc-149">
         <name>.debug_line</name>
         <load_address>0x55c</load_address>
         <run_address>0x55c</run_address>
         <size>0x95</size>
         <input_file_ref idref="fl-3"/>
      </object_component>
      <object_component id="oc-1ea">
         <name>.debug_line</name>
         <load_address>0x5f1</load_address>
         <run_address>0x5f1</run_address>
         <size>0x77</size>
         <input_file_ref idref="fl-3"/>
      </object_component>
      <object_component id="oc-1f0">
         <name>.debug_line</name>
         <load_address>0x668</load_address>
         <run_address>0x668</run_address>
         <size>0x4c</size>
         <input_file_ref idref="fl-3"/>
      </object_component>
      <object_component id="oc-10a">
         <name>.debug_line</name>
         <load_address>0x6b4</load_address>
         <run_address>0x6b4</run_address>
         <size>0x61</size>
         <input_file_ref idref="fl-3"/>
      </object_component>
      <object_component id="oc-110">
         <name>.debug_line</name>
         <load_address>0x715</load_address>
[...]
         <value>0x11076</value>
         <object_component_ref idref="oc-2af"/>
      </symbol>
      <symbol id="sm-783">
         <name>GPIO_clearInterrupt</name>
         <value>0x11376</value>
         <object_component_ref idref="oc-1f8"/>
      </symbol>
      <symbol id="sm-784">
         <name>GPIO_selectInterruptEdge</name>
         <value>0x112ac</value>
         <object_component_ref idref="oc-2b5"/>
      </symbol>
      <symbol id="sm-785">
         <name>GPIO_setAsInputPinWithPullUpResistor</name>
         <value>0x10fea</value>
         <object_component_ref idref="oc-2bb"/>
      </symbol>
      <symbol id="sm-786">
         <name>GPIO_enableInterrupt</name>
         <value>0x11394</value>
         <object_component_ref idref="oc-2c1"/>
      </symbol>
      <symbol id="sm-787">
         <name>GPIO_setAsOutputPin</name>
         <value>0x111ea</value>
         <object_component_ref idref="oc-29d"/>
      </symbol>
      <symbol id="sm-788">
         <name>GPIO_setOutputLowOnPin</name>
         <value>0x1140c</value>
         <object_component_ref idref="oc-297"/>
      </symbol>
      <symbol id="sm-789">
         <name>GPIO_setAsPeripheralModuleFunctionOutputPin</name>
         <value>0x10d2c</value>
         <object_component_ref idref="oc-2a3"/>
      </symbol>
      <symbol id="sm-78a">
         <name>GPIO_setAsPeripheralModuleFunctionInputPin</name>
         <value>0x10cba</value>
         <object_component_ref idref="oc-2a9"/>
      </symbol>
      <symbol id="sm-7e5">
         <name>LCD_C_on</name>
         <value>0x1152a</value>
         <object_component_ref idref="oc-30e"/>
      </symbol>
      <symbol id="sm-7e6">
         <name>LCD_C_selectDisplayMemory</name>
         <value>0x1145c</value>
         <object_component_ref idref="oc-223"/>
      </symbol>
      <symbol id="sm-7e7">
         <name>LCD_C_setVLCDSource</name>
         <value>0x10f98</value>
         <object_component_ref idref="oc-2ea"/>
      </symbol>
      <symbol id="sm-7e8">
         <name>LCD_C_setVLCDVoltage</name>
         <value>0x11442</value>
         <object_component_ref idref="oc-2f0"/>
      </symbol>
      <symbol id="sm-7e9">
         <name>LCD_C_enableChargePump</name>
         <value>0x114d0</value>
         <object_component_ref idref="oc-2f6"/>
      </symbol>
      <symbol id="sm-7ea">
         <name>LCD_C_setPinAsLCDFunctionEx</name>
         <value>0x10ac0</value>
         <object_component_ref idref="oc-2e4"/>
      </symbol>
      <symbol id="sm-7eb">
         <name>LCD_C_init</name>
         <value>0x112da</value>
         <object_component_ref idref="oc-2de"/>
      </symbol>
      <symbol id="sm-7ec">
         <name>LCD_C_clearMemory</name>
         <value>0x114f8</value>
         <object_component_ref idref="oc-308"/>
      </symbol>
      <symbol id="sm-7ed">
         <name>LCD_C_configChargePump</name>
         <value>0x11308</value>
         <object_component_ref idref="oc-302"/>
      </symbol>
      <symbol id="sm-7ee">
         <name>LCD_C_selectChargePumpReference</name>
         <value>0x11428</value>
         <object_component_ref idref="oc-2fc"/>
      </symbol>
      <symbol id="sm-7f9">
         <name>PMM_unlockLPM5</name>
         <value>0x11530</value>
         <object_component_ref idref="oc-1e0"/>
      </symbol>
      <symbol id="sm-824">
         <name>RTC_C_startClock</name>
         <value>0x113ee</value>
         <object_component_ref idref="oc-217"/>
      </symbol>
      <symbol id="sm-825">
         <name>RTC_C_initCounter</name>
         <value>0x1124e</value>
         <object_component_ref idref="oc-205"/>
      </symbol>
      <symbol id="sm-826">
         <name>RTC_C_definePrescaleEvent</name>
         <value>0x113b2</value>
         <object_component_ref idref="oc-20b"/>
      </symbol>
      <symbol id="sm-827">
         <name>RTC_C_holdClock</name>
         <value>0x113d0</value>
         <object_component_ref idref="oc-1b1"/>
      </symbol>
      <symbol id="sm-828">
         <name>RTC_C_enableInterrupt</name>
         <value>0x110b6</value>
         <object_component_ref idref="oc-211"/>
      </symbol>
      <symbol id="sm-840">
         <name>Timer_A_initUpMode</name>
         <value>0x10bc8</value>
         <object_component_ref idref="oc-198"/>
      </symbol>
      <symbol id="sm-841">
         <name>Timer_A_stop</name>
         <value>0x11522</value>
         <object_component_ref idref="oc-19f"/>
      </symbol>
      <symbol id="sm-84c">
         <name>WDT_A_hold</name>
         <value>0x11356</value>
         <object_component_ref idref="oc-1da"/>
      </symbol>
      <symbol id="sm-862">
         <name>__TI_decompress_none</name>
         <value>0x114ae</value>
         <object_component_ref idref="oc-79"/>
      </symbol>
      <symbol id="sm-884">
         <name>__TI_decompress_rle24</name>
         <value>0x11536</value>
         <object_component_ref idref="oc-7f"/>
      </symbol>
      <symbol id="sm-887">
         <name>__TI_int27</name>
         <value>0xffc6</value>
         <object_component_ref idref="oc-85"/>
      </symbol>
      <symbol id="sm-88f">
         <name>__TI_ISR_TRAP</name>
         <value>0x49da</value>
         <object_component_ref idref="oc-101"/>
      </symbol>
      <symbol id="sm-892">
         <name>__TI_int29</name>
         <value>0xffca</value>
         <object_component_ref idref="oc-87"/>
      </symbol>
      <symbol id="sm-895">
         <name>__TI_int30</name>
         <value>0xffcc</value>
         <object_component_ref idref="oc-88"/>
      </symbol>
      <symbol id="sm-898">
         <name>__TI_int31</name>
         <value>0xffce</value>
         <object_component_ref idref="oc-89"/>
      </symbol>
      <symbol id="sm-89b">
         <name>__TI_int32</name>
         <value>0xffd0</value>
         <object_component_ref idref="oc-8a"/>
      </symbol>
      <symbol id="sm-89e">
         <name>__TI_int33</name>
         <value>0xffd2</value>
         <object_component_ref idref="oc-8b"/>
      </symbol>
      <symbol id="sm-8a1">
         <name>__TI_int34</name>
         <value>0xffd4</value>
         <object_component_ref idref="oc-8c"/>
      </symbol>
      <symbol id="sm-8a4">
         <name>__TI_int35</name>
         <value>0xffd6</value>
         <object_component_ref idref="oc-8d"/>
      </symbol>
      <symbol id="sm-8a7">
         <name>__TI_int36</name>
         <value>0xffd8</value>
         <object_component_ref idref="oc-8e"/>
      </symbol>
      <symbol id="sm-8aa">
         <name>__TI_int38</name>
         <value>0xffdc</value>
         <object_component_ref idref="oc-90"/>
      </symbol>
      <symbol id="sm-8ad">
         <name>__TI_int39</name>
         <value>0xffde</value>
         <object_component_ref idref="oc-91"/>
      </symbol>
      <symbol id="sm-8b0">
         <name>__TI_int40</name>
         <value>0xffe0</value>
         <object_component_ref idref="oc-92"/>
      </symbol>
      <symbol id="sm-8b3">
         <name>__TI_int41</name>
         <value>0xffe2</value>
         <object_component_ref idref="oc-93"/>
      </symbol>
      <symbol id="sm-8b6">
         <name>__TI_int42</name>
         <value>0xffe4</value>
         <object_component_ref idref="oc-94"/>
      </symbol>
      <symbol id="sm-8b9">
         <name>__TI_int43</name>
         <value>0xffe6</value>
         <object_component_ref idref="oc-95"/>
      </symbol>
      <symbol id="sm-8bc">
         <name>__TI_int46</name>
         <value>0xffec</value>
         <object_component_ref idref="oc-98"/>
      </symbol>
      <symbol id="sm-8bf">
         <name>__TI_int47</name>
         <value>0xffee</value>
         <object_component_ref idref="oc-99"/>
      </symbol>
      <symbol id="sm-8c2">
         <name>__TI_int48</name>
         <value>0xfff0</value>
         <object_component_ref idref="oc-9a"/>
      </symbol>
      <symbol id="sm-8c5">
         <name>__TI_int49</name>
         <value>0xfff2</value>
         <object_component_ref idref="oc-9b"/>
      </symbol>
      <symbol id="sm-8c8">
         <name>__TI_int50</name>
         <value>0xfff4</value>
         <object_component_ref idref="oc-9c"/>
      </symbol>
      <symbol id="sm-8cb">
         <name>__TI_int51</name>
         <value>0xfff6</value>
         <object_component_ref idref="oc-9d"/>
      </symbol>
      <symbol id="sm-8ce">
         <name>__TI_int52</name>
         <value>0xfff8</value>
         <object_component_ref idref="oc-9e"/>
      </symbol>
      <symbol id="sm-8d1">
         <name>__TI_int53</name>
         <value>0xfffa</value>
         <object_component_ref idref="oc-9f"/>
      </symbol>
      <symbol id="sm-8d4">
         <name>__TI_int54</name>
         <value>0xfffc</value>
         <object_component_ref idref="oc-a0"/>
      </symbol>
      <symbol id="sm-8e8">
         <name>__mspabi_remul</name>
         <value>0x10f40</value>
         <object_component_ref idref="oc-18d"/>
      </symbol>
      <symbol id="sm-8e9">
         <name>__mspabi_divul</name>
         <value>0x10f40</value>
         <object_component_ref idref="oc-18d"/>
      </symbol>
      <symbol id="sm-8fe">
         <name>__mspabi_fixdul</name>
         <value>0x10e72</value>
         <object_component_ref idref="oc-187"/>
      </symbol>
      <symbol id="sm-913">
         <name>__mspabi_fltuld</name>
         <value>0x10c44</value>
         <object_component_ref idref="oc-17b"/>
      </symbol>
      <symbol id="sm-933">
         <name>__mspabi_mpyd</name>
         <value>0x102e4</value>
         <object_component_ref idref="oc-181"/>
      </symbol>
      <symbol id="sm-944">
         <name>__TI_frcmpyd</name>
         <value>0x10000</value>
         <object_component_ref idref="oc-248"/>
      </symbol>
      <symbol id="sm-95e">
         <name>__mspabi_mpyl_f5hw</name>
         <value>0x11334</value>
         <object_component_ref idref="oc-176"/>
      </symbol>
      <symbol id="sm-98b">
         <name>__mspabi_slli</name>
         <value>0x1150e</value>
         <object_component_ref idref="oc-36a"/>
      </symbol>
      <symbol id="sm-993">
         <name>__mspabi_slll_9</name>
         <value>0x1114c</value>
         <object_component_ref idref="oc-23c"/>
      </symbol>
      <symbol id="sm-994">
         <name>__mspabi_slll_8</name>
         <value>0x11150</value>
         <object_component_ref idref="oc-23c"/>
      </symbol>
      <symbol id="sm-995">
         <name>__mspabi_slll_7</name>
         <value>0x11154</value>
         <object_component_ref idref="oc-23c"/>
      </symbol>
      <symbol id="sm-996">
         <name>__mspabi_slll_6</name>
         <value>0x11158</value>
         <object_component_ref idref="oc-23c"/>
      </symbol>
      <symbol id="sm-997">
         <name>__mspabi_slll_5</name>
         <value>0x1115c</value>
         <object_component_ref idref="oc-23c"/>
      </symbol>
      <symbol id="sm-998">
         <name>__mspabi_slll_4</name>
         <value>0x11160</value>
         <object_component_ref idref="oc-23c"/>
      </symbol>
      <symbol id="sm-999">
         <name>__mspabi_slll_3</name>
         <value>0x11164</value>
         <object_component_ref idref="oc-23c"/>
      </symbol>
      <symbol id="sm-99a">
         <name>__mspabi_slll_2</name>
         <value>0x11168</value>
         <object_component_ref idref="oc-23c"/>
      </symbol>
      <symbol id="sm-99b">
         <name>__mspabi_slll_1</name>
         <value>0x1116c</value>
         <object_component_ref idref="oc-23c"/>
      </symbol>
      <symbol id="sm-99c">
         <name>__mspabi_slll_15</name>
         <value>0x11134</value>
         <object_component_ref idref="oc-23c"/>
      </symbol>
      <symbol id="sm-99d">
         <name>__mspabi_slll_14</name>
         <value>0x11138</value>
         <object_component_ref idref="oc-23c"/>
      </symbol>
      <symbol id="sm-99e">
         <name>__mspabi_slll_13</name>
         <value>0x1113c</value>
         <object_component_ref idref="oc-23c"/>
      </symbol>
      <symbol id="sm-99f">
         <name>__mspabi_slll_12</name>
         <value>0x11140</value>
         <object_component_ref idref="oc-23c"/>
      </symbol>
      <symbol id="sm-9a0">
         <name>__mspabi_slll_11</name>
         <value>0x11144</value>
         <object_component_ref idref="oc-23c"/>
      </symbol>
      <symbol id="sm-9a1">
         <name>__mspabi_slll_10</name>
         <value>0x11148</value>
         <object_component_ref idref="oc-23c"/>
      </symbol>
      <symbol id="sm-9aa">
         <name>__mspabi_sral_15</name>
         <value>0x110f6</value>
         <object_component_ref idref="oc-33a"/>
      </symbol>
      <symbol id="sm-9ab">
         <name>__mspabi_sral_14</name>
         <value>0x110fa</value>
         <object_component_ref idref="oc-33a"/>
      </symbol>
      <symbol id="sm-9ac">
         <name>__mspabi_sral_13</name>
         <value>0x110fe</value>
         <object_component_ref idref="oc-33a"/>
      </symbol>
      <symbol id="sm-9ad">
         <name>__mspabi_sral_12</name>
         <value>0x11102</value>
         <object_component_ref idref="oc-33a"/>
      </symbol>
      <symbol id="sm-9ae">
         <name>__mspabi_sral_11</name>
         <value>0x11106</value>
         <object_component_ref idref="oc-33a"/>
      </symbol>
      <symbol id="sm-9af">
         <name>__mspabi_sral_10</name>
         <value>0x1110a</value>
         <object_component_ref idref="oc-33a"/>
      </symbol>
      <symbol id="sm-9b0">
         <name>__mspabi_sral_8</name>
         <value>0x11112</value>
         <object_component_ref idref="oc-33a"/>
      </symbol>
      <symbol id="sm-9b1">
         <name>__mspabi_sral_9</name>
         <value>0x1110e</value>
         <object_component_ref idref="oc-33a"/>
      </symbol>
      <symbol id="sm-9b2">
         <name>__mspabi_sral_6</name>
         <value>0x1111a</value>
         <object_component_ref idref="oc-33a"/>
      </symbol>
      <symbol id="sm-9b3">
         <name>__mspabi_sral_7</name>
         <value>0x11116</value>
         <object_component_ref idref="oc-33a"/>
      </symbol>
      <symbol id="sm-9b4">
         <name>__mspabi_sral_4</name>
         <value>0x11122</value>
         <object_component_ref idref="oc-33a"/>
      </symbol>
      <symbol id="sm-9b5">
         <name>__mspabi_sral_5</name>
         <value>0x1111e</value>
         <object_component_ref idref="oc-33a"/>
      </symbol>
      <symbol id="sm-9b6">
         <name>__mspabi_sral_2</name>
         <value>0x1112a</value>
         <object_component_ref idref="oc-33a"/>
      </symbol>
      <symbol id="sm-9b7">
         <name>__mspabi_sral_3</name>
         <value>0x11126</value>
         <object_component_ref idref="oc-33a"/>
      </symbol>
      <symbol id="sm-9b8">
         <name>__mspabi_sral_1</name>
         <value>0x1112e</value>
         <object_component_ref idref="oc-33a"/>
      </symbol>
      <symbol id="sm-9c1">
         <name>__mspabi_srli</name>
         <value>0x11518</value>
         <object_component_ref idref="oc-35f"/>
      </symbol>
      <symbol id="sm-9d1">
         <name>__mspabi_srll_8</name>
         <value>0x1118e</value>
         <object_component_ref idref="oc-241"/>
      </symbol>
      <symbol id="sm-9d2">
         <name>__mspabi_srll_9</name>
         <value>0x1118a</value>
         <object_component_ref idref="oc-241"/>
      </symbol>
      <symbol id="sm-9d3">
         <name>__mspabi_srll_6</name>
         <value>0x11196</value>
         <object_component_ref idref="oc-241"/>
      </symbol>
      <symbol id="sm-9d4">
         <name>__mspabi_srll_7</name>
         <value>0x11192</value>
         <object_component_ref idref="oc-241"/>
      </symbol>
      <symbol id="sm-9d5">
         <name>__mspabi_srll_4</name>
         <value>0x1119e</value>
         <object_component_ref idref="oc-241"/>
      </symbol>
      <symbol id="sm-9d6">
         <name>__mspabi_srll_5</name>
         <value>0x1119a</value>
         <object_component_ref idref="oc-241"/>
      </symbol>
      <symbol id="sm-9d7">
         <name>__mspabi_srll_2</name>
         <value>0x111a6</value>
         <object_component_ref idref="oc-241"/>
      </symbol>
      <symbol id="sm-9d8">
         <name>__mspabi_srll_3</name>
         <value>0x111a2</value>
         <object_component_ref idref="oc-241"/>
      </symbol>
      <symbol id="sm-9d9">
         <name>__mspabi_srll_1</name>
         <value>0x111aa</value>
         <object_component_ref idref="oc-241"/>
      </symbol>
      <symbol id="sm-9da">
         <name>__mspabi_srll_15</name>
         <value>0x11172</value>
         <object_component_ref idref="oc-241"/>
      </symbol>
      <symbol id="sm-9db">
         <name>__mspabi_srll_14</name>
         <value>0x11176</value>
         <object_component_ref idref="oc-241"/>
      </symbol>
      <symbol id="sm-9dc">
         <name>__mspabi_srll_13</name>
         <value>0x1117a</value>
         <object_component_ref idref="oc-241"/>
      </symbol>
      <symbol id="sm-9dd">
         <name>__mspabi_srll_12</name>
         <value>0x1117e</value>
         <object_component_ref idref="oc-241"/>
      </symbol>
      <symbol id="sm-9de">
         <name>__mspabi_srll_11</name>
         <value>0x11182</value>
         <object_component_ref idref="oc-241"/>
      </symbol>
      <symbol id="sm-9df">
         <name>__mspabi_srll_10</name>
         <value>0x11186</value>
         <object_component_ref idref="oc-241"/>
      </symbol>
      <symbol id="sm-9e0">
         <name>__mspabi_srll</name>
         <value>0x114c0</value>
         <object_component_ref idref="oc-255"/>
      </symbol>
      <symbol id="sm-9e9">
         <name>_stack</name>
         <value>0x2360</value>
         <object_component_ref idref="oc-e3"/>
      </symbol>
      <symbol id="sm-9ea">
         <name>_reset_vector</name>
         <value>0xfffe</value>
         <object_component_ref idref="oc-e6"/>
      </symbol>
      <symbol id="sm-a08">
         <name>_auto_init_hold_wdt</name>
         <value>0x10d9e</value>
         <object_component_ref idref="oc-12b"/>
      </symbol>
      <symbol id="sm-a13">
         <name>_c_int00_noargs_noexit</name>
         <value>0x49c0</value>
         <object_component_ref idref="oc-bf"/>
      </symbol>
      <symbol id="sm-a1d">
         <name>_system_pre_init</name>
         <value>0x1153c</value>
         <object_component_ref idref="oc-125"/>
      </symbol>
      <symbol id="sm-a28">
         <name>C$$EXIT</name>
         <value>0x11540</value>
         <object_component_ref idref="oc-14d"/>
      </symbol>
      <symbol id="sm-a29">
         <name>abort</name>
         <value>0x11540</value>
         <object_component_ref idref="oc-14d"/>
      </symbol>
      <symbol id="sm-a39">
         <name>memcpy</name>
         <value>0x11488</value>
         <object_component_ref idref="oc-e7"/>
      </symbol>
      <symbol id="sm-a46">
         <name>strlen</name>
         <value>0x114de</value>
         <object_component_ref idref="oc-31e"/>
      </symbol>
      <symbol id="sm-a4b">
         <name>__TI_INITARRAY_Base</name>
         <value>0x0</value>
      </symbol>
      <symbol id="sm-a4c">
         <name>__TI_INITARRAY_Limit</name>
         <value>0x0</value>
      </symbol>
   </symbol_table>
   <title>Link successful</title>
</link_info>
